MO aurora_8b10b_v5_3_STANDARD_CC_MODULE NULL aurora_8b10b_v5_3_standard_cc_module.v vlg6C/aurora__8b10b__v5__3___s_t_a_n_d_a_r_d___c_c___m_o_d_u_l_e.bin 1411603487
MO aurora_8b10b_v5_3_TX_LL NULL aurora_8b10b_v5_3_tx_ll.v vlg74/aurora__8b10b__v5__3___t_x___l_l.bin 1411603487
MO aurora_8b10b_v5_3_AURORA_LANE NULL aurora_8b10b_v5_3_aurora_lane.v vlg5E/aurora__8b10b__v5__3___a_u_r_o_r_a___l_a_n_e.bin 1411603487
MO RegFile_1port NULL RegFile_1port.v vlg43/_reg_file__1port.bin 1411603487
MO aurora_8b10b_v5_3_TX_LL_CONTROL NULL aurora_8b10b_v5_3_tx_ll_control.v vlg28/aurora__8b10b__v5__3___t_x___l_l___c_o_n_t_r_o_l.bin 1411603487
MO aurora_8b10b_v5_3_RX_LL_PDU_DATAPATH NULL aurora_8b10b_v5_3_rx_ll_pdu_datapath.v vlg6C/aurora__8b10b__v5__3___r_x___l_l___p_d_u___d_a_t_a_p_a_t_h.bin 1411603487
MO module_outport_encoder NULL module_outport_encoder.v vlg29/module__outport__encoder.bin 1411603487
MO aurora_8b10b_v5_3_IDLE_AND_VER_GEN NULL aurora_8b10b_v5_3_idle_and_ver_gen.v vlg72/aurora__8b10b__v5__3___i_d_l_e___a_n_d___v_e_r___g_e_n.bin 1411603487
MO AURORA_8B10B_V5_3_TILE NULL aurora_8b10b_v5_3_tile.v vlg0B/_a_u_r_o_r_a__8_b10_b___v5__3___t_i_l_e.bin 1411603487
MO mkSepRouterAllocator NULL mkSepRouterAllocator.v vlg62/mk_sep_router_allocator.bin 1411603487
MO mkIQRouterCoreSimple NULL mkIQRouterCoreSimple.v vlg42/mk_i_q_router_core_simple.bin 1411603487
MO mkOutPortFIFO NULL mkOutPortFIFO.v vlg11/mk_out_port_f_i_f_o.bin 1411603487
MO aurora_8b10b_v5_3_ERR_DETECT NULL aurora_8b10b_v5_3_err_detect.v vlg66/aurora__8b10b__v5__3___e_r_r___d_e_t_e_c_t.bin 1411603487
MO aurora_8b10b_v5_3_LANE_INIT_SM NULL aurora_8b10b_v5_3_lane_init_sm.v vlg3F/aurora__8b10b__v5__3___l_a_n_e___i_n_i_t___s_m.bin 1411603487
MO aurora_8b10b_v5_3_RESET_LOGIC NULL aurora_8b10b_v5_3_reset_logic.v vlg0D/aurora__8b10b__v5__3___r_e_s_e_t___l_o_g_i_c.bin 1411603487
MO aurora_8b10b_v5_3_GLOBAL_LOGIC NULL aurora_8b10b_v5_3_global_logic.v vlg0B/aurora__8b10b__v5__3___g_l_o_b_a_l___l_o_g_i_c.bin 1411603487
MO aurora_8b10b_v5_3_SYM_GEN NULL aurora_8b10b_v5_3_sym_gen.v vlg7F/aurora__8b10b__v5__3___s_y_m___g_e_n.bin 1411603487
MO aurora_8b10b_v5_3_CHANNEL_ERR_DETECT NULL aurora_8b10b_v5_3_channel_err_detect.v vlg26/aurora__8b10b__v5__3___c_h_a_n_n_e_l___e_r_r___d_e_t_e_c_t.bin 1411603487
MO mkInputQueue NULL mkInputQueue.v vlg65/mk_input_queue.bin 1411603487
MO mkRouterInputArbitersRoundRobin NULL mkRouterInputArbitersRoundRobin.v vlg5B/mk_router_input_arbiters_round_robin.bin 1411603487
MO mkNetworkSimple_0 NULL mkNetworkSimple_0.v vlg3B/mk_network_simple__0.bin 1411603487
MO RegFileLoadSyn NULL RegFileLoadSyn.v vlg7C/_reg_file_load_syn.bin 1411603487
MO mkRouterOutputArbitersRoundRobin NULL mkRouterOutputArbitersRoundRobin.v vlg4C/mk_router_output_arbiters_round_robin.bin 1411603487
MO aurora_8b10b_v5_3_RX_LL NULL aurora_8b10b_v5_3_rx_ll.v vlg12/aurora__8b10b__v5__3___r_x___l_l.bin 1411603487
MO aurora_8b10b_v5_3_TX_LL_DATAPATH NULL aurora_8b10b_v5_3_tx_ll_datapath.v vlg6A/aurora__8b10b__v5__3___t_x___l_l___d_a_t_a_p_a_t_h.bin 1411603487
MO aurora_8b10b_v5_3_CLOCK_MODULE NULL aurora_8b10b_v5_3_clock_module.v vlg0E/aurora__8b10b__v5__3___c_l_o_c_k___m_o_d_u_l_e.bin 1411603487
MO aurora_8b10b_v5_3_CHBOND_COUNT_DEC NULL aurora_8b10b_v5_3_chbond_count_dec.v vlg42/aurora__8b10b__v5__3___c_h_b_o_n_d___c_o_u_n_t___d_e_c.bin 1411603487
MO aurora_8b10b_v5_3_GTP_WRAPPER NULL aurora_8b10b_v5_3_transceiver_wrapper.v vlg1C/aurora__8b10b__v5__3___g_t_p___w_r_a_p_p_e_r.bin 1411603487
MO aurora_8b10b_v5_3_CHANNEL_INIT_SM NULL aurora_8b10b_v5_3_channel_init_sm.v vlg18/aurora__8b10b__v5__3___c_h_a_n_n_e_l___i_n_i_t___s_m.bin 1411603487
MO uart_rx NULL uart_rx.v vlg21/uart__rx.bin 1411555198
MO module_gen_grant_carry NULL module_gen_grant_carry.v vlg62/module__gen__grant__carry.bin 1411603487
MO aurora_8b10b_v5_3_SYM_DEC NULL aurora_8b10b_v5_3_sym_dec.v vlg29/aurora__8b10b__v5__3___s_y_m___d_e_c.bin 1411603487
MO aurora_8b10b_v5_3 NULL aurora_8b10b_v5_3.v vlg3E/aurora__8b10b__v5__3.bin 1411603487
MO uart_tx NULL uart_tx.v vlg2B/uart__tx.bin 1411555198
MO baud_gen NULL baud_gen.v vlg59/baud__gen.bin 1411555198
