MO aurora_8b10b_v5_3_STANDARD_CC_MODULE NULL ../example_design/cc_manager/aurora_8b10b_v5_3_standard_cc_module.v vlg6C/aurora__8b10b__v5__3___s_t_a_n_d_a_r_d___c_c___m_o_d_u_l_e.bin 1414420892
MO module_gen_grant_carry_1 NULL ../3R_Custom/build/module_gen_grant_carry.v vlg1E/module__gen__grant__carry__1.bin 1414420892
MO module_gen_grant_carry_2 NULL ../SingleSwitch/build/module_gen_grant_carry.v vlg1F/module__gen__grant__carry__2.bin 1414420892
MO aurora_8b10b_v5_3_TX_LL NULL ../src/aurora_8b10b_v5_3_tx_ll.v vlg74/aurora__8b10b__v5__3___t_x___l_l.bin 1414420892
MO aurora_8b10b_v5_3_AURORA_LANE NULL ../src/aurora_8b10b_v5_3_aurora_lane.v vlg5E/aurora__8b10b__v5__3___a_u_r_o_r_a___l_a_n_e.bin 1414420892
MO RegFile_1port NULL ../3R_Custom/build/RegFile_1port.v vlg43/_reg_file__1port.bin 1412381964
MO aurora_8b10b_v5_3_TX_LL_CONTROL NULL ../src/aurora_8b10b_v5_3_tx_ll_control.v vlg28/aurora__8b10b__v5__3___t_x___l_l___c_o_n_t_r_o_l.bin 1414420892
MO aurora_8b10b_v5_3_RX_LL_PDU_DATAPATH NULL ../src/aurora_8b10b_v5_3_rx_ll_pdu_datapath.v vlg6C/aurora__8b10b__v5__3___r_x___l_l___p_d_u___d_a_t_a_p_a_t_h.bin 1414420892
MO module_outport_encoder NULL ../3R_Custom/build/module_outport_encoder.v vlg29/module__outport__encoder.bin 1412381964
MO aurora_8b10b_v5_3_IDLE_AND_VER_GEN NULL ../src/aurora_8b10b_v5_3_idle_and_ver_gen.v vlg72/aurora__8b10b__v5__3___i_d_l_e___a_n_d___v_e_r___g_e_n.bin 1414420892
MO AURORA_8B10B_V5_3_TILE NULL ../example_design/gt/aurora_8b10b_v5_3_tile.v vlg0B/_a_u_r_o_r_a__8_b10_b___v5__3___t_i_l_e.bin 1414420892
MO mkSepRouterAllocator NULL ../3R_Custom/build/mkSepRouterAllocator.v vlg62/mk_sep_router_allocator.bin 1412381964
MO mkIQRouterCoreSimple NULL ../3R_Custom/build/mkIQRouterCoreSimple.v vlg42/mk_i_q_router_core_simple.bin 1412381964
MO mkOutPortFIFO NULL ../3R_Custom/build/mkOutPortFIFO.v vlg11/mk_out_port_f_i_f_o.bin 1412381964
MO aurora_8b10b_v5_3_ERR_DETECT NULL ../src/aurora_8b10b_v5_3_err_detect.v vlg66/aurora__8b10b__v5__3___e_r_r___d_e_t_e_c_t.bin 1414420892
MO mkNetworkSimple_router_1 NULL ../mkNetworkSimple_router_1.v vlg4C/mk_network_simple__router__1.bin 1412381964
MO aurora_8b10b_v5_3_LANE_INIT_SM NULL ../src/aurora_8b10b_v5_3_lane_init_sm.v vlg3F/aurora__8b10b__v5__3___l_a_n_e___i_n_i_t___s_m.bin 1414420892
MO mkIQRouterCoreSimple_1 NULL ../3R_Custom/build/mkIQRouterCoreSimple.v vlg7E/mk_i_q_router_core_simple__1.bin 1414420892
MO mkIQRouterCoreSimple_2 NULL ../SingleSwitch/build/mkIQRouterCoreSimple.v vlg7F/mk_i_q_router_core_simple__2.bin 1414420892
MO aurora_8b10b_v5_3_RESET_LOGIC NULL ../example_design/aurora_8b10b_v5_3_reset_logic.v vlg0D/aurora__8b10b__v5__3___r_e_s_e_t___l_o_g_i_c.bin 1414420892
MO RegFile_1port_1 NULL ../3R_Custom/build/RegFile_1port.v vlg17/_reg_file__1port__1.bin 1414420892
MO aurora_8b10b_v5_3_GLOBAL_LOGIC NULL ../src/aurora_8b10b_v5_3_global_logic.v vlg0B/aurora__8b10b__v5__3___g_l_o_b_a_l___l_o_g_i_c.bin 1414420892
MO RegFile_1port_2 NULL ../SingleSwitch/build/RegFile_1port.v vlg18/_reg_file__1port__2.bin 1414420892
MO aurora_8b10b_v5_3_SYM_GEN NULL ../src/aurora_8b10b_v5_3_sym_gen.v vlg7F/aurora__8b10b__v5__3___s_y_m___g_e_n.bin 1414420892
MO aurora_8b10b_v5_3_CHANNEL_ERR_DETECT NULL ../src/aurora_8b10b_v5_3_channel_err_detect.v vlg26/aurora__8b10b__v5__3___c_h_a_n_n_e_l___e_r_r___d_e_t_e_c_t.bin 1414420892
MO mkInputQueue NULL ../3R_Custom/build/mkInputQueue.v vlg65/mk_input_queue.bin 1412381964
MO RegFileLoadSyn_1 NULL ../3R_Custom/build/RegFileLoadSyn.v vlg28/_reg_file_load_syn__1.bin 1414420892
MO RegFileLoadSyn_2 NULL ../SingleSwitch/build/RegFileLoadSyn.v vlg29/_reg_file_load_syn__2.bin 1414420892
MO mkRouterInputArbitersRoundRobin NULL ../3R_Custom/build/mkRouterInputArbitersRoundRobin.v vlg5B/mk_router_input_arbiters_round_robin.bin 1412381964
MO mkNetworkSimple_1 NULL ../mkNetworkSimple_1.v vlg3C/mk_network_simple__1.bin 1414420892
MO mkNetworkSimple_2 NULL ../mkNetworkSimple_2.v vlg3D/mk_network_simple__2.bin 1414420892
MO aurora_Network_1 NULL ../aurora_Network_1.v vlg4F/aurora___network__1.bin 1414420892
MO RegFileLoadSyn NULL ../3R_Custom/build/RegFileLoadSyn.v vlg7C/_reg_file_load_syn.bin 1412381964
MO aurora_Network_2 NULL ../aurora_Network_2.v vlg50/aurora___network__2.bin 1414420892
MO mkRouterOutputArbitersRoundRobin NULL ../3R_Custom/build/mkRouterOutputArbitersRoundRobin.v vlg4C/mk_router_output_arbiters_round_robin.bin 1412381964
MO aurora_8b10b_v5_3_RX_LL NULL ../src/aurora_8b10b_v5_3_rx_ll.v vlg12/aurora__8b10b__v5__3___r_x___l_l.bin 1414420892
MO mkInputQueue_1 NULL ../3R_Custom/build/mkInputQueue.v vlg69/mk_input_queue__1.bin 1414420892
MO mkInputQueue_2 NULL ../SingleSwitch/build/mkInputQueue.v vlg6A/mk_input_queue__2.bin 1414420892
MO mkRouterInputArbitersRoundRobin_1 NULL ../3R_Custom/build/mkRouterInputArbitersRoundRobin.v vlg6F/mk_router_input_arbiters_round_robin__1.bin 1414420892
MO aurora_8b10b_v5_3_TX_LL_DATAPATH NULL ../src/aurora_8b10b_v5_3_tx_ll_datapath.v vlg6A/aurora__8b10b__v5__3___t_x___l_l___d_a_t_a_p_a_t_h.bin 1414420892
MO aurora_8b10b_v5_3_CLOCK_MODULE NULL ../example_design/clock_module/aurora_8b10b_v5_3_clock_module.v vlg0E/aurora__8b10b__v5__3___c_l_o_c_k___m_o_d_u_l_e.bin 1414420892
MO mkRouterInputArbitersRoundRobin_2 NULL ../SingleSwitch/build/mkRouterInputArbitersRoundRobin.v vlg70/mk_router_input_arbiters_round_robin__2.bin 1414420892
MO Custom_TB NULL ../Custom_TB.v vlg68/_custom___t_b.bin 1414420892
MO mkSepRouterAllocator_1 NULL ../3R_Custom/build/mkSepRouterAllocator.v vlg1E/mk_sep_router_allocator__1.bin 1414420892
MO mkSepRouterAllocator_2 NULL ../SingleSwitch/build/mkSepRouterAllocator.v vlg1F/mk_sep_router_allocator__2.bin 1414420892
MO mkOutPortFIFO_1 NULL ../3R_Custom/build/mkOutPortFIFO.v vlg35/mk_out_port_f_i_f_o__1.bin 1414420892
MO mkOutPortFIFO_2 NULL ../SingleSwitch/build/mkOutPortFIFO.v vlg36/mk_out_port_f_i_f_o__2.bin 1414420892
MO module_outport_encoder_1 NULL ../3R_Custom/build/module_outport_encoder.v vlg0D/module__outport__encoder__1.bin 1414420892
MO module_outport_encoder_2 NULL ../SingleSwitch/build/module_outport_encoder.v vlg0E/module__outport__encoder__2.bin 1414420892
MO aurora_8b10b_v5_3_CHBOND_COUNT_DEC NULL ../src/aurora_8b10b_v5_3_chbond_count_dec.v vlg42/aurora__8b10b__v5__3___c_h_b_o_n_d___c_o_u_n_t___d_e_c.bin 1414420892
MO aurora_8b10b_v5_3_GTP_WRAPPER NULL ../example_design/gt/aurora_8b10b_v5_3_transceiver_wrapper.v vlg1C/aurora__8b10b__v5__3___g_t_p___w_r_a_p_p_e_r.bin 1414420892
MO aurora_8b10b_v5_3_CHANNEL_INIT_SM NULL ../src/aurora_8b10b_v5_3_channel_init_sm.v vlg18/aurora__8b10b__v5__3___c_h_a_n_n_e_l___i_n_i_t___s_m.bin 1414420892
MO mkRouterOutputArbitersRoundRobin_1 NULL ../3R_Custom/build/mkRouterOutputArbitersRoundRobin.v vlg78/mk_router_output_arbiters_round_robin__1.bin 1414420892
MO mkRouterOutputArbitersRoundRobin_2 NULL ../SingleSwitch/build/mkRouterOutputArbitersRoundRobin.v vlg79/mk_router_output_arbiters_round_robin__2.bin 1414420892
MO module_gen_grant_carry NULL ../3R_Custom/build/module_gen_grant_carry.v vlg62/module__gen__grant__carry.bin 1412381964
MO aurora_8b10b_v5_3_SYM_DEC NULL ../src/aurora_8b10b_v5_3_sym_dec.v vlg29/aurora__8b10b__v5__3___s_y_m___d_e_c.bin 1414420892
MO aurora_8b10b_v5_3 NULL ../aurora_8b10b_v5_3.v vlg3E/aurora__8b10b__v5__3.bin 1414420892
